// Jest Snapshot v1, https://goo.gl/fbAQLP

exports[`Signup loads login without exploding 1`] = `
Object {
  "asFragment": [Function],
  "baseElement": <body>
    <div>
      <div
        class="header"
      >
        <div />
      </div>
      <div
        class="body"
      >
        <div>
          <div
            class="container"
          >
            <div
              class="container"
            >
              <div
                class="title margin-title"
              >
                 
              </div>
              <div
                class="body"
              >
                 
                <div
                  class="form-container"
                >
                  <div
                    class="container"
                  >
                    <form
                      class="form-container"
                    >
                      <div
                        class=""
                      >
                        <div
                          class="container"
                        >
                          <div
                            class="title margin-title"
                          >
                            Información General
                             
                          </div>
                          <div
                            class="body"
                          >
                             
                            <p
                              class="form-description"
                            >
                              Comienza tu registro añadiendo tus datos generales
                            </p>
                            <div
                              class="form-container"
                            >
                              <div
                                class="field-container"
                              >
                                <div
                                  class="container"
                                >
                                  <label>
                                    Nombre
                                  </label>
                                  <input
                                    class="input"
                                    name="name"
                                    placeholder="Nombre"
                                    type="text"
                                    value=""
                                  />
                                </div>
                              </div>
                              <div
                                class="field-container"
                              >
                                <div
                                  class="container"
                                >
                                  <label>
                                    Teléfono
                                  </label>
                                  <input
                                    class="input "
                                    name="phone"
                                    placeholder="+52 (000)-1111-222"
                                    type="tel"
                                    value=""
                                  />
                                </div>
                              </div>
                              <div
                                class="field-container"
                              >
                                <div
                                  class="container"
                                >
                                  <label>
                                    Correo electrónico
                                  </label>
                                  <input
                                    class="input "
                                    name="email"
                                    placeholder="ejemplo@deacero.com"
                                    type="email"
                                    value=""
                                  />
                                </div>
                              </div>
                              <div
                                class="field-container"
                              >
                                <div
                                  class="container"
                                >
                                  <label>
                                    Contraseña
                                  </label>
                                  <input
                                    class="input input-rfc "
                                    name="password"
                                    placeholder="Contraseña"
                                    type="password"
                                    value=""
                                  />
                                </div>
                              </div>
                              <div
                                class="field-container"
                              >
                                <div
                                  class="container"
                                >
                                  <label>
                                    Confirmar contraseña
                                  </label>
                                  <input
                                    class="input input-rfc "
                                    name="password-confirm"
                                    placeholder="Contraseña"
                                    type="password"
                                    value=""
                                  />
                                </div>
                              </div>
                            </div>
                             
                          </div>
                        </div>
                      </div>
                      <div
                        class="hidden"
                      >
                        <div
                          class="container"
                        >
                          <div
                            class="title margin-title"
                          >
                            Ubicación
                             
                          </div>
                          <div
                            class="body"
                          >
                             
                            <p
                              class="form-description"
                            >
                              Registra la ubicación en donde seran entregados tus productos
                            </p>
                            <div
                              class="form-container"
                            >
                              <div
                                class="field-container"
                              >
                                <div
                                  class="container"
                                >
                                  <label>
                                    Calle
                                  </label>
                                  <input
                                    class="input"
                                    name="street"
                                    placeholder="Calle"
                                    type="text"
                                    value=""
                                  />
                                </div>
                              </div>
                              <div
                                class="field-container"
                              >
                                <div
                                  class="container"
                                >
                                  <label>
                                    Colonia
                                  </label>
                                  <input
                                    class="input"
                                    name="suburb"
                                    placeholder="Colonia"
                                    type="text"
                                    value=""
                                  />
                                </div>
                              </div>
                              <div
                                class="field-container"
                              >
                                <div
                                  class="container"
                                >
                                  <label>
                                    Código Postal
                                  </label>
                                  <input
                                    class="input"
                                    name="zipCode"
                                    placeholder="12345"
                                    type="number"
                                    value=""
                                  />
                                </div>
                              </div>
                              <div
                                class="field-container"
                              >
                                <div
                                  class="container"
                                >
                                  <label>
                                    Municipio
                                  </label>
                                  <input
                                    class="input"
                                    name="town"
                                    placeholder="Municipio"
                                    type="text"
                                    value=""
                                  />
                                </div>
                              </div>
                              <div
                                class="field-container"
                              >
                                <div
                                  class="container"
                                >
                                  <label>
                                    Estado
                                  </label>
                                  <select
                                    class="input"
                                    name="state"
                                  >
                                    <option
                                      selected=""
                                      value="Aguascalientes"
                                    >
                                      Aguascalientes
                                    </option>
                                    <option
                                      value="Baja California"
                                    >
                                      Baja California
                                    </option>
                                    <option
                                      value="Baja California Sur"
                                    >
                                      Baja California Sur
                                    </option>
                                    <option
                                      value="Campeche"
                                    >
                                      Campeche
                                    </option>
                                    <option
                                      value="Chiapas"
                                    >
                                      Chiapas
                                    </option>
                                    <option
                                      value="Chihuahua"
                                    >
                                      Chihuahua
                                    </option>
                                    <option
                                      value="Coahuila de Zaragoza"
                                    >
                                      Coahuila de Zaragoza
                                    </option>
                                    <option
                                      value="Colima"
                                    >
                                      Colima
                                    </option>
                                    <option
                                      value="Ciudad de México"
                                    >
                                      Ciudad de México
                                    </option>
                                    <option
                                      value="Durango"
                                    >
                                      Durango
                                    </option>
                                    <option
                                      value="Guanajuato"
                                    >
                                      Guanajuato
                                    </option>
                                    <option
                                      value="Guerrero"
                                    >
                                      Guerrero
                                    </option>
                                    <option
                                      value="Hidalgo"
                                    >
                                      Hidalgo
                                    </option>
                                    <option
                                      value="Jalisco"
                                    >
                                      Jalisco
                                    </option>
                                    <option
                                      value="Mexico"
                                    >
                                      Mexico
                                    </option>
                                    <option
                                      value="Michoacan de Ocampo"
                                    >
                                      Michoacan de Ocampo
                                    </option>
                                    <option
                                      value="Morelos"
                                    >
                                      Morelos
                                    </option>
                                    <option
                                      value="Nayarit"
                                    >
                                      Nayarit
                                    </option>
                                    <option
                                      value="Nuevo Leon"
                                    >
                                      Nuevo Leon
                                    </option>
                                    <option
                                      value="Oaxaca"
                                    >
                                      Oaxaca
                                    </option>
                                    <option
                                      value="Puebla"
                                    >
                                      Puebla
                                    </option>
                                    <option
                                      value="Queretaro de Arteaga"
                                    >
                                      Queretaro de Arteaga
                                    </option>
                                    <option
                                      value="Quintana Roo"
                                    >
                                      Quintana Roo
                                    </option>
                                    <option
                                      value="San Luis Potosi"
                                    >
                                      San Luis Potosi
                                    </option>
                                    <option
                                      value="Sinaloa"
                                    >
                                      Sinaloa
                                    </option>
                                    <option
                                      value="Sonora"
                                    >
                                      Sonora
                                    </option>
                                    <option
                                      value="Tabasco"
                                    >
                                      Tabasco
                                    </option>
                                    <option
                                      value="Tamaulipas"
                                    >
                                      Tamaulipas
                                    </option>
                                    <option
                                      value="Tlaxcala"
                                    >
                                      Tlaxcala
                                    </option>
                                    <option
                                      value="Veracruz-Llave"
                                    >
                                      Veracruz-Llave
                                    </option>
                                    <option
                                      value="Yucatan"
                                    >
                                      Yucatan
                                    </option>
                                    <option
                                      value="Zacatecas"
                                    >
                                      Zacatecas
                                    </option>
                                  </select>
                                </div>
                              </div>
                            </div>
                             
                          </div>
                        </div>
                      </div>
                      <div
                        class="hidden"
                      >
                        <div
                          class="container"
                        >
                          <div
                            class="title margin-title"
                          >
                            Información Fiscal
                             
                          </div>
                          <div
                            class="body"
                          >
                             
                            <p
                              class="form-description"
                            >
                              Registra los datos fiscales para facturación
                            </p>
                            <div
                              class="form-container"
                            >
                              <div
                                class="field-container"
                              >
                                <div
                                  class="container"
                                >
                                  <label>
                                    Compañía / Nombre Legal
                                  </label>
                                  <input
                                    class="input"
                                    name="taxIdentity"
                                    placeholder="Nombre de empresa o identidad legal"
                                    type="text"
                                    value=""
                                  />
                                </div>
                              </div>
                              <div
                                class="field-container"
                              >
                                <div
                                  class="container"
                                >
                                  <label>
                                    Código Postal
                                  </label>
                                  <input
                                    class="input"
                                    name="taxZipCode"
                                    placeholder="000000"
                                    type="number"
                                    value=""
                                  />
                                </div>
                              </div>
                              <div
                                class="field-container"
                              >
                                <div
                                  class="container"
                                >
                                  <label>
                                    Regimen Tributario
                                  </label>
                                  <input
                                    class="input"
                                    disabled=""
                                    name="taxRegime"
                                    placeholder="ejemplo@deacero.com"
                                    type="text"
                                    value="Sueldos y Salarios e Ingresos Asimilados a salarios"
                                  />
                                </div>
                              </div>
                              <div
                                class="field-container"
                              >
                                <div
                                  class="container"
                                >
                                  <label>
                                    Estado
                                  </label>
                                  <select
                                    class="input"
                                    name="taxState"
                                  >
                                    <option
                                      selected=""
                                      value="Aguascalientes"
                                    >
                                      Aguascalientes
                                    </option>
                                    <option
                                      value="Baja California"
                                    >
                                      Baja California
                                    </option>
                                    <option
                                      value="Baja California Sur"
                                    >
                                      Baja California Sur
                                    </option>
                                    <option
                                      value="Campeche"
                                    >
                                      Campeche
                                    </option>
                                    <option
                                      value="Chiapas"
                                    >
                                      Chiapas
                                    </option>
                                    <option
                                      value="Chihuahua"
                                    >
                                      Chihuahua
                                    </option>
                                    <option
                                      value="Coahuila de Zaragoza"
                                    >
                                      Coahuila de Zaragoza
                                    </option>
                                    <option
                                      value="Colima"
                                    >
                                      Colima
                                    </option>
                                    <option
                                      value="Ciudad de México"
                                    >
                                      Ciudad de México
                                    </option>
                                    <option
                                      value="Durango"
                                    >
                                      Durango
                                    </option>
                                    <option
                                      value="Guanajuato"
                                    >
                                      Guanajuato
                                    </option>
                                    <option
                                      value="Guerrero"
                                    >
                                      Guerrero
                                    </option>
                                    <option
                                      value="Hidalgo"
                                    >
                                      Hidalgo
                                    </option>
                                    <option
                                      value="Jalisco"
                                    >
                                      Jalisco
                                    </option>
                                    <option
                                      value="Mexico"
                                    >
                                      Mexico
                                    </option>
                                    <option
                                      value="Michoacan de Ocampo"
                                    >
                                      Michoacan de Ocampo
                                    </option>
                                    <option
                                      value="Morelos"
                                    >
                                      Morelos
                                    </option>
                                    <option
                                      value="Nayarit"
                                    >
                                      Nayarit
                                    </option>
                                    <option
                                      value="Nuevo Leon"
                                    >
                                      Nuevo Leon
                                    </option>
                                    <option
                                      value="Oaxaca"
                                    >
                                      Oaxaca
                                    </option>
                                    <option
                                      value="Puebla"
                                    >
                                      Puebla
                                    </option>
                                    <option
                                      value="Queretaro de Arteaga"
                                    >
                                      Queretaro de Arteaga
                                    </option>
                                    <option
                                      value="Quintana Roo"
                                    >
                                      Quintana Roo
                                    </option>
                                    <option
                                      value="San Luis Potosi"
                                    >
                                      San Luis Potosi
                                    </option>
                                    <option
                                      value="Sinaloa"
                                    >
                                      Sinaloa
                                    </option>
                                    <option
                                      value="Sonora"
                                    >
                                      Sonora
                                    </option>
                                    <option
                                      value="Tabasco"
                                    >
                                      Tabasco
                                    </option>
                                    <option
                                      value="Tamaulipas"
                                    >
                                      Tamaulipas
                                    </option>
                                    <option
                                      value="Tlaxcala"
                                    >
                                      Tlaxcala
                                    </option>
                                    <option
                                      value="Veracruz-Llave"
                                    >
                                      Veracruz-Llave
                                    </option>
                                    <option
                                      value="Yucatan"
                                    >
                                      Yucatan
                                    </option>
                                    <option
                                      value="Zacatecas"
                                    >
                                      Zacatecas
                                    </option>
                                  </select>
                                </div>
                              </div>
                              <div
                                class="field-container"
                              >
                                <div
                                  class="container"
                                >
                                  <label>
                                    RFC
                                  </label>
                                  <input
                                    class="input input-rfc "
                                    name="taxRfc"
                                    placeholder="AAAA000000BBB0C0"
                                    type="rfc"
                                    value=""
                                  />
                                </div>
                              </div>
                              <div
                                class="field-container"
                              >
                                <div
                                  class="container"
                                >
                                  <label>
                                    Constancia Fiscal
                                  </label>
                                  <div
                                    class="input-container"
                                  >
                                    <div
                                      class="file-picker-container"
                                    >
                                      Sube tu constancia fiscal aquí
                                      <input
                                        class="input"
                                        id="filePicker"
                                        name="taxDocument"
                                        type="file"
                                      />
                                      <label
                                        class="file-picker"
                                        for="filePicker"
                                      >
                                        Cargar Archivo
                                      </label>
                                    </div>
                                  </div>
                                </div>
                              </div>
                              <div
                                class="field-container"
                              >
                                <div
                                  class="container"
                                >
                                  <label>
                                    Email adicional a la cuenta CC
                                  </label>
                                  <input
                                    class="input "
                                    name="taxAdditionalEmail"
                                    placeholder="ejemplo@deacero.com"
                                    type="email"
                                    value=""
                                  />
                                </div>
                              </div>
                            </div>
                             
                          </div>
                        </div>
                      </div>
                    </form>
                    <div
                      class="button-container"
                    >
                      <button
                        class="button primary activeClass"
                      >
                        siguiente
                      </button>
                    </div>
                  </div>
                </div>
                 
              </div>
            </div>
            <div
              class="vertical"
            >
              <div
                class="content primary right"
              >
                <div
                  class="stepper-wrapper"
                >
                  <div
                    class="stepper"
                  >
                    <div
                      class="title"
                    >
                      Es muy fácil y rápido
                    </div>
                    <div
                      class="stepper-selector"
                    >
                      <div
                        class="line"
                      />
                      <div
                        class="step"
                      >
                        <div
                          class="step-checkbox"
                        >
                          <div
                            class="selected"
                          />
                        </div>
                        <div
                          class="step-title"
                        >
                          Información General
                        </div>
                      </div>
                      <div
                        class="step"
                      >
                        <div
                          class="step-checkbox"
                        />
                        <div
                          class="step-title"
                        >
                          Ubicación
                        </div>
                      </div>
                      <div
                        class="step"
                      >
                        <div
                          class="step-checkbox"
                        />
                        <div
                          class="step-title"
                        >
                          Información Fiscal
                        </div>
                      </div>
                    </div>
                  </div>
                </div>
              </div>
            </div>
          </div>
        </div>
      </div>
      <div
        class="footer"
      >
        <div />
      </div>
    </div>
  </body>,
  "container": <div>
    <div
      class="header"
    >
      <div />
    </div>
    <div
      class="body"
    >
      <div>
        <div
          class="container"
        >
          <div
            class="container"
          >
            <div
              class="title margin-title"
            >
               
            </div>
            <div
              class="body"
            >
               
              <div
                class="form-container"
              >
                <div
                  class="container"
                >
                  <form
                    class="form-container"
                  >
                    <div
                      class=""
                    >
                      <div
                        class="container"
                      >
                        <div
                          class="title margin-title"
                        >
                          Información General
                           
                        </div>
                        <div
                          class="body"
                        >
                           
                          <p
                            class="form-description"
                          >
                            Comienza tu registro añadiendo tus datos generales
                          </p>
                          <div
                            class="form-container"
                          >
                            <div
                              class="field-container"
                            >
                              <div
                                class="container"
                              >
                                <label>
                                  Nombre
                                </label>
                                <input
                                  class="input"
                                  name="name"
                                  placeholder="Nombre"
                                  type="text"
                                  value=""
                                />
                              </div>
                            </div>
                            <div
                              class="field-container"
                            >
                              <div
                                class="container"
                              >
                                <label>
                                  Teléfono
                                </label>
                                <input
                                  class="input "
                                  name="phone"
                                  placeholder="+52 (000)-1111-222"
                                  type="tel"
                                  value=""
                                />
                              </div>
                            </div>
                            <div
                              class="field-container"
                            >
                              <div
                                class="container"
                              >
                                <label>
                                  Correo electrónico
                                </label>
                                <input
                                  class="input "
                                  name="email"
                                  placeholder="ejemplo@deacero.com"
                                  type="email"
                                  value=""
                                />
                              </div>
                            </div>
                            <div
                              class="field-container"
                            >
                              <div
                                class="container"
                              >
                                <label>
                                  Contraseña
                                </label>
                                <input
                                  class="input input-rfc "
                                  name="password"
                                  placeholder="Contraseña"
                                  type="password"
                                  value=""
                                />
                              </div>
                            </div>
                            <div
                              class="field-container"
                            >
                              <div
                                class="container"
                              >
                                <label>
                                  Confirmar contraseña
                                </label>
                                <input
                                  class="input input-rfc "
                                  name="password-confirm"
                                  placeholder="Contraseña"
                                  type="password"
                                  value=""
                                />
                              </div>
                            </div>
                          </div>
                           
                        </div>
                      </div>
                    </div>
                    <div
                      class="hidden"
                    >
                      <div
                        class="container"
                      >
                        <div
                          class="title margin-title"
                        >
                          Ubicación
                           
                        </div>
                        <div
                          class="body"
                        >
                           
                          <p
                            class="form-description"
                          >
                            Registra la ubicación en donde seran entregados tus productos
                          </p>
                          <div
                            class="form-container"
                          >
                            <div
                              class="field-container"
                            >
                              <div
                                class="container"
                              >
                                <label>
                                  Calle
                                </label>
                                <input
                                  class="input"
                                  name="street"
                                  placeholder="Calle"
                                  type="text"
                                  value=""
                                />
                              </div>
                            </div>
                            <div
                              class="field-container"
                            >
                              <div
                                class="container"
                              >
                                <label>
                                  Colonia
                                </label>
                                <input
                                  class="input"
                                  name="suburb"
                                  placeholder="Colonia"
                                  type="text"
                                  value=""
                                />
                              </div>
                            </div>
                            <div
                              class="field-container"
                            >
                              <div
                                class="container"
                              >
                                <label>
                                  Código Postal
                                </label>
                                <input
                                  class="input"
                                  name="zipCode"
                                  placeholder="12345"
                                  type="number"
                                  value=""
                                />
                              </div>
                            </div>
                            <div
                              class="field-container"
                            >
                              <div
                                class="container"
                              >
                                <label>
                                  Municipio
                                </label>
                                <input
                                  class="input"
                                  name="town"
                                  placeholder="Municipio"
                                  type="text"
                                  value=""
                                />
                              </div>
                            </div>
                            <div
                              class="field-container"
                            >
                              <div
                                class="container"
                              >
                                <label>
                                  Estado
                                </label>
                                <select
                                  class="input"
                                  name="state"
                                >
                                  <option
                                    selected=""
                                    value="Aguascalientes"
                                  >
                                    Aguascalientes
                                  </option>
                                  <option
                                    value="Baja California"
                                  >
                                    Baja California
                                  </option>
                                  <option
                                    value="Baja California Sur"
                                  >
                                    Baja California Sur
                                  </option>
                                  <option
                                    value="Campeche"
                                  >
                                    Campeche
                                  </option>
                                  <option
                                    value="Chiapas"
                                  >
                                    Chiapas
                                  </option>
                                  <option
                                    value="Chihuahua"
                                  >
                                    Chihuahua
                                  </option>
                                  <option
                                    value="Coahuila de Zaragoza"
                                  >
                                    Coahuila de Zaragoza
                                  </option>
                                  <option
                                    value="Colima"
                                  >
                                    Colima
                                  </option>
                                  <option
                                    value="Ciudad de México"
                                  >
                                    Ciudad de México
                                  </option>
                                  <option
                                    value="Durango"
                                  >
                                    Durango
                                  </option>
                                  <option
                                    value="Guanajuato"
                                  >
                                    Guanajuato
                                  </option>
                                  <option
                                    value="Guerrero"
                                  >
                                    Guerrero
                                  </option>
                                  <option
                                    value="Hidalgo"
                                  >
                                    Hidalgo
                                  </option>
                                  <option
                                    value="Jalisco"
                                  >
                                    Jalisco
                                  </option>
                                  <option
                                    value="Mexico"
                                  >
                                    Mexico
                                  </option>
                                  <option
                                    value="Michoacan de Ocampo"
                                  >
                                    Michoacan de Ocampo
                                  </option>
                                  <option
                                    value="Morelos"
                                  >
                                    Morelos
                                  </option>
                                  <option
                                    value="Nayarit"
                                  >
                                    Nayarit
                                  </option>
                                  <option
                                    value="Nuevo Leon"
                                  >
                                    Nuevo Leon
                                  </option>
                                  <option
                                    value="Oaxaca"
                                  >
                                    Oaxaca
                                  </option>
                                  <option
                                    value="Puebla"
                                  >
                                    Puebla
                                  </option>
                                  <option
                                    value="Queretaro de Arteaga"
                                  >
                                    Queretaro de Arteaga
                                  </option>
                                  <option
                                    value="Quintana Roo"
                                  >
                                    Quintana Roo
                                  </option>
                                  <option
                                    value="San Luis Potosi"
                                  >
                                    San Luis Potosi
                                  </option>
                                  <option
                                    value="Sinaloa"
                                  >
                                    Sinaloa
                                  </option>
                                  <option
                                    value="Sonora"
                                  >
                                    Sonora
                                  </option>
                                  <option
                                    value="Tabasco"
                                  >
                                    Tabasco
                                  </option>
                                  <option
                                    value="Tamaulipas"
                                  >
                                    Tamaulipas
                                  </option>
                                  <option
                                    value="Tlaxcala"
                                  >
                                    Tlaxcala
                                  </option>
                                  <option
                                    value="Veracruz-Llave"
                                  >
                                    Veracruz-Llave
                                  </option>
                                  <option
                                    value="Yucatan"
                                  >
                                    Yucatan
                                  </option>
                                  <option
                                    value="Zacatecas"
                                  >
                                    Zacatecas
                                  </option>
                                </select>
                              </div>
                            </div>
                          </div>
                           
                        </div>
                      </div>
                    </div>
                    <div
                      class="hidden"
                    >
                      <div
                        class="container"
                      >
                        <div
                          class="title margin-title"
                        >
                          Información Fiscal
                           
                        </div>
                        <div
                          class="body"
                        >
                           
                          <p
                            class="form-description"
                          >
                            Registra los datos fiscales para facturación
                          </p>
                          <div
                            class="form-container"
                          >
                            <div
                              class="field-container"
                            >
                              <div
                                class="container"
                              >
                                <label>
                                  Compañía / Nombre Legal
                                </label>
                                <input
                                  class="input"
                                  name="taxIdentity"
                                  placeholder="Nombre de empresa o identidad legal"
                                  type="text"
                                  value=""
                                />
                              </div>
                            </div>
                            <div
                              class="field-container"
                            >
                              <div
                                class="container"
                              >
                                <label>
                                  Código Postal
                                </label>
                                <input
                                  class="input"
                                  name="taxZipCode"
                                  placeholder="000000"
                                  type="number"
                                  value=""
                                />
                              </div>
                            </div>
                            <div
                              class="field-container"
                            >
                              <div
                                class="container"
                              >
                                <label>
                                  Regimen Tributario
                                </label>
                                <input
                                  class="input"
                                  disabled=""
                                  name="taxRegime"
                                  placeholder="ejemplo@deacero.com"
                                  type="text"
                                  value="Sueldos y Salarios e Ingresos Asimilados a salarios"
                                />
                              </div>
                            </div>
                            <div
                              class="field-container"
                            >
                              <div
                                class="container"
                              >
                                <label>
                                  Estado
                                </label>
                                <select
                                  class="input"
                                  name="taxState"
                                >
                                  <option
                                    selected=""
                                    value="Aguascalientes"
                                  >
                                    Aguascalientes
                                  </option>
                                  <option
                                    value="Baja California"
                                  >
                                    Baja California
                                  </option>
                                  <option
                                    value="Baja California Sur"
                                  >
                                    Baja California Sur
                                  </option>
                                  <option
                                    value="Campeche"
                                  >
                                    Campeche
                                  </option>
                                  <option
                                    value="Chiapas"
                                  >
                                    Chiapas
                                  </option>
                                  <option
                                    value="Chihuahua"
                                  >
                                    Chihuahua
                                  </option>
                                  <option
                                    value="Coahuila de Zaragoza"
                                  >
                                    Coahuila de Zaragoza
                                  </option>
                                  <option
                                    value="Colima"
                                  >
                                    Colima
                                  </option>
                                  <option
                                    value="Ciudad de México"
                                  >
                                    Ciudad de México
                                  </option>
                                  <option
                                    value="Durango"
                                  >
                                    Durango
                                  </option>
                                  <option
                                    value="Guanajuato"
                                  >
                                    Guanajuato
                                  </option>
                                  <option
                                    value="Guerrero"
                                  >
                                    Guerrero
                                  </option>
                                  <option
                                    value="Hidalgo"
                                  >
                                    Hidalgo
                                  </option>
                                  <option
                                    value="Jalisco"
                                  >
                                    Jalisco
                                  </option>
                                  <option
                                    value="Mexico"
                                  >
                                    Mexico
                                  </option>
                                  <option
                                    value="Michoacan de Ocampo"
                                  >
                                    Michoacan de Ocampo
                                  </option>
                                  <option
                                    value="Morelos"
                                  >
                                    Morelos
                                  </option>
                                  <option
                                    value="Nayarit"
                                  >
                                    Nayarit
                                  </option>
                                  <option
                                    value="Nuevo Leon"
                                  >
                                    Nuevo Leon
                                  </option>
                                  <option
                                    value="Oaxaca"
                                  >
                                    Oaxaca
                                  </option>
                                  <option
                                    value="Puebla"
                                  >
                                    Puebla
                                  </option>
                                  <option
                                    value="Queretaro de Arteaga"
                                  >
                                    Queretaro de Arteaga
                                  </option>
                                  <option
                                    value="Quintana Roo"
                                  >
                                    Quintana Roo
                                  </option>
                                  <option
                                    value="San Luis Potosi"
                                  >
                                    San Luis Potosi
                                  </option>
                                  <option
                                    value="Sinaloa"
                                  >
                                    Sinaloa
                                  </option>
                                  <option
                                    value="Sonora"
                                  >
                                    Sonora
                                  </option>
                                  <option
                                    value="Tabasco"
                                  >
                                    Tabasco
                                  </option>
                                  <option
                                    value="Tamaulipas"
                                  >
                                    Tamaulipas
                                  </option>
                                  <option
                                    value="Tlaxcala"
                                  >
                                    Tlaxcala
                                  </option>
                                  <option
                                    value="Veracruz-Llave"
                                  >
                                    Veracruz-Llave
                                  </option>
                                  <option
                                    value="Yucatan"
                                  >
                                    Yucatan
                                  </option>
                                  <option
                                    value="Zacatecas"
                                  >
                                    Zacatecas
                                  </option>
                                </select>
                              </div>
                            </div>
                            <div
                              class="field-container"
                            >
                              <div
                                class="container"
                              >
                                <label>
                                  RFC
                                </label>
                                <input
                                  class="input input-rfc "
                                  name="taxRfc"
                                  placeholder="AAAA000000BBB0C0"
                                  type="rfc"
                                  value=""
                                />
                              </div>
                            </div>
                            <div
                              class="field-container"
                            >
                              <div
                                class="container"
                              >
                                <label>
                                  Constancia Fiscal
                                </label>
                                <div
                                  class="input-container"
                                >
                                  <div
                                    class="file-picker-container"
                                  >
                                    Sube tu constancia fiscal aquí
                                    <input
                                      class="input"
                                      id="filePicker"
                                      name="taxDocument"
                                      type="file"
                                    />
                                    <label
                                      class="file-picker"
                                      for="filePicker"
                                    >
                                      Cargar Archivo
                                    </label>
                                  </div>
                                </div>
                              </div>
                            </div>
                            <div
                              class="field-container"
                            >
                              <div
                                class="container"
                              >
                                <label>
                                  Email adicional a la cuenta CC
                                </label>
                                <input
                                  class="input "
                                  name="taxAdditionalEmail"
                                  placeholder="ejemplo@deacero.com"
                                  type="email"
                                  value=""
                                />
                              </div>
                            </div>
                          </div>
                           
                        </div>
                      </div>
                    </div>
                  </form>
                  <div
                    class="button-container"
                  >
                    <button
                      class="button primary activeClass"
                    >
                      siguiente
                    </button>
                  </div>
                </div>
              </div>
               
            </div>
          </div>
          <div
            class="vertical"
          >
            <div
              class="content primary right"
            >
              <div
                class="stepper-wrapper"
              >
                <div
                  class="stepper"
                >
                  <div
                    class="title"
                  >
                    Es muy fácil y rápido
                  </div>
                  <div
                    class="stepper-selector"
                  >
                    <div
                      class="line"
                    />
                    <div
                      class="step"
                    >
                      <div
                        class="step-checkbox"
                      >
                        <div
                          class="selected"
                        />
                      </div>
                      <div
                        class="step-title"
                      >
                        Información General
                      </div>
                    </div>
                    <div
                      class="step"
                    >
                      <div
                        class="step-checkbox"
                      />
                      <div
                        class="step-title"
                      >
                        Ubicación
                      </div>
                    </div>
                    <div
                      class="step"
                    >
                      <div
                        class="step-checkbox"
                      />
                      <div
                        class="step-title"
                      >
                        Información Fiscal
                      </div>
                    </div>
                  </div>
                </div>
              </div>
            </div>
          </div>
        </div>
      </div>
    </div>
    <div
      class="footer"
    >
      <div />
    </div>
  </div>,
  "debug": [Function],
  "findAllByAltText": [Function],
  "findAllByDisplayValue": [Function],
  "findAllByLabelText": [Function],
  "findAllByPlaceholderText": [Function],
  "findAllByRole": [Function],
  "findAllByTestId": [Function],
  "findAllByText": [Function],
  "findAllByTitle": [Function],
  "findByAltText": [Function],
  "findByDisplayValue": [Function],
  "findByLabelText": [Function],
  "findByPlaceholderText": [Function],
  "findByRole": [Function],
  "findByTestId": [Function],
  "findByText": [Function],
  "findByTitle": [Function],
  "getAllByAltText": [Function],
  "getAllByDisplayValue": [Function],
  "getAllByLabelText": [Function],
  "getAllByPlaceholderText": [Function],
  "getAllByRole": [Function],
  "getAllByTestId": [Function],
  "getAllByText": [Function],
  "getAllByTitle": [Function],
  "getByAltText": [Function],
  "getByDisplayValue": [Function],
  "getByLabelText": [Function],
  "getByPlaceholderText": [Function],
  "getByRole": [Function],
  "getByTestId": [Function],
  "getByText": [Function],
  "getByTitle": [Function],
  "queryAllByAltText": [Function],
  "queryAllByDisplayValue": [Function],
  "queryAllByLabelText": [Function],
  "queryAllByPlaceholderText": [Function],
  "queryAllByRole": [Function],
  "queryAllByTestId": [Function],
  "queryAllByText": [Function],
  "queryAllByTitle": [Function],
  "queryByAltText": [Function],
  "queryByDisplayValue": [Function],
  "queryByLabelText": [Function],
  "queryByPlaceholderText": [Function],
  "queryByRole": [Function],
  "queryByTestId": [Function],
  "queryByText": [Function],
  "queryByTitle": [Function],
  "rerender": [Function],
  "unmount": [Function],
}
`;
