// Jest Snapshot v1, https://goo.gl/fbAQLP

exports[`renders Tabs with no issue 1`] = `
<div
  className="tabs"
>
  <button
    className="tab primary active"
    onClick={[Function]}
  >
    tab 1
  </button>
  <button
    className="tab primary "
    onClick={[Function]}
  >
    tab 2
  </button>
</div>
`;
