// Jest Snapshot v1, https://goo.gl/fbAQLP

exports[`renders FrequentQuestions with no issue 1`] = `
<div
  className="container"
>
  <div
    className="title margin-title"
  >
    Preguntas frecuentes
     
  </div>
  <div
    className="body"
  >
     
    <div
      className="container"
    >
      <div
        className="category-arrow-container"
      >
        <div>
          Categoría
        </div>
        <button
          className="button transparent-black activeClass"
          onClick={[Function]}
        >
          <svg
            aria-hidden={true}
            className="MuiSvgIcon-root MuiSvgIcon-fontSizeMedium css-i4bv87-MuiSvgIcon-root"
            data-testid="ArrowDropUpIcon"
            focusable="false"
            viewBox="0 0 24 24"
          >
            <path
              d="m7 14 5-5 5 5z"
            />
          </svg>
        </button>
      </div>
      <hr
        className="line"
      />
      <div
        className="question-content-container"
      >
        <div
          className="question"
        >
          Pregunta 1
        </div>
        <div
          className="content"
        >
          Li Europan lingues es membres del sam familie. Lor separat existentie es un myth. Por scientie, musica, sport etc., li tot Europa usa li sam vocabularium. 
 Li lingues differe solmen in li grammatica, li pronunciation e li plu commun vocabules. Omnicos directe al desirabilit?
 de un nov lingua franca: on refusa continuar payar custosi traductores. It solmen va esser necessi far uniform grammatica, pronunciation e plu sommun paroles.  
        </div>
      </div>
    </div>
    <div
      className="container"
    >
      <div
        className="category-arrow-container"
      >
        <div>
          Categoría
        </div>
        <button
          className="button transparent-black activeClass"
          onClick={[Function]}
        >
          <svg
            aria-hidden={true}
            className="MuiSvgIcon-root MuiSvgIcon-fontSizeMedium css-i4bv87-MuiSvgIcon-root"
            data-testid="ArrowDropDownIcon"
            focusable="false"
            viewBox="0 0 24 24"
          >
            <path
              d="m7 10 5 5 5-5z"
            />
          </svg>
        </button>
      </div>
      <hr
        className="line"
      />
    </div>
    <div
      className="container"
    >
      <div
        className="category-arrow-container"
      >
        <div>
          Categoría
        </div>
        <button
          className="button transparent-black activeClass"
          onClick={[Function]}
        >
          <svg
            aria-hidden={true}
            className="MuiSvgIcon-root MuiSvgIcon-fontSizeMedium css-i4bv87-MuiSvgIcon-root"
            data-testid="ArrowDropDownIcon"
            focusable="false"
            viewBox="0 0 24 24"
          >
            <path
              d="m7 10 5 5 5-5z"
            />
          </svg>
        </button>
      </div>
      <hr
        className="line"
      />
    </div>
    <div
      className="last-question"
    >
      <div
        className="container"
      >
        <div
          className="category-arrow-container"
        >
          <div>
            Categoría
          </div>
          <button
            className="button transparent-black activeClass"
            onClick={[Function]}
          >
            <svg
              aria-hidden={true}
              className="MuiSvgIcon-root MuiSvgIcon-fontSizeMedium css-i4bv87-MuiSvgIcon-root"
              data-testid="ArrowDropDownIcon"
              focusable="false"
              viewBox="0 0 24 24"
            >
              <path
                d="m7 10 5 5 5-5z"
              />
            </svg>
          </button>
        </div>
        <hr
          className="line"
        />
      </div>
    </div>
     
  </div>
</div>
`;
