// Jest Snapshot v1, https://goo.gl/fbAQLP

exports[`Footer renders Footer without problem 1`] = `
Object {
  "asFragment": [Function],
  "baseElement": <body>
    <div>
      <div
        class="footer"
      >
        <div
          class="info-white-container"
        >
          <div
            class="info-text"
          >
            <div
              class="acerca-de"
            >
              <b>
                Acerca de
              </b>
              <button
                class="button transparent-black"
              >
                Conócenos
              </button>
              <button
                class="button transparent-black"
              >
                Ayuda
              </button>
            </div>
            <div
              class="contacto"
            >
              <b>
                Contacto
              </b>
              <button
                class="button transparent-black"
              >
                Contactar soporte
              </button>
              <button
                class="button transparent-black"
              >
                Preguntas frecuentes
              </button>
              <button
                class="button transparent-black"
              >
                Politicas y condiciones
              </button>
            </div>
            <div
              class="popup"
              id="myPopup"
            >
              <b>
                Soporte
              </b>
              <div
                class="close"
              >
                <button
                  class="button transparent-black"
                >
                  <svg
                    aria-hidden="true"
                    class="MuiSvgIcon-root MuiSvgIcon-fontSizeMedium css-i4bv87-MuiSvgIcon-root"
                    data-testid="CloseIcon"
                    focusable="false"
                    viewBox="0 0 24 24"
                  >
                    <path
                      d="M19 6.41 17.59 5 12 10.59 6.41 5 5 6.41 10.59 12 5 17.59 6.41 19 12 13.41 17.59 19 19 17.59 13.41 12z"
                    />
                  </svg>
                </button>
              </div>
              <div
                class="popup-text"
              >
                <p>
                  Envianos tus dudas a: 
                </p>
                <button
                  class="button transparent"
                >
                  <div
                    class="copy-email"
                  >
                    <a>
                      ejemplo@correo.com
                    </a>
                  </div>
                </button>
              </div>
            </div>
          </div>
        </div>
      </div>
    </div>
  </body>,
  "container": <div>
    <div
      class="footer"
    >
      <div
        class="info-white-container"
      >
        <div
          class="info-text"
        >
          <div
            class="acerca-de"
          >
            <b>
              Acerca de
            </b>
            <button
              class="button transparent-black"
            >
              Conócenos
            </button>
            <button
              class="button transparent-black"
            >
              Ayuda
            </button>
          </div>
          <div
            class="contacto"
          >
            <b>
              Contacto
            </b>
            <button
              class="button transparent-black"
            >
              Contactar soporte
            </button>
            <button
              class="button transparent-black"
            >
              Preguntas frecuentes
            </button>
            <button
              class="button transparent-black"
            >
              Politicas y condiciones
            </button>
          </div>
          <div
            class="popup"
            id="myPopup"
          >
            <b>
              Soporte
            </b>
            <div
              class="close"
            >
              <button
                class="button transparent-black"
              >
                <svg
                  aria-hidden="true"
                  class="MuiSvgIcon-root MuiSvgIcon-fontSizeMedium css-i4bv87-MuiSvgIcon-root"
                  data-testid="CloseIcon"
                  focusable="false"
                  viewBox="0 0 24 24"
                >
                  <path
                    d="M19 6.41 17.59 5 12 10.59 6.41 5 5 6.41 10.59 12 5 17.59 6.41 19 12 13.41 17.59 19 19 17.59 13.41 12z"
                  />
                </svg>
              </button>
            </div>
            <div
              class="popup-text"
            >
              <p>
                Envianos tus dudas a: 
              </p>
              <button
                class="button transparent"
              >
                <div
                  class="copy-email"
                >
                  <a>
                    ejemplo@correo.com
                  </a>
                </div>
              </button>
            </div>
          </div>
        </div>
      </div>
    </div>
  </div>,
  "debug": [Function],
  "findAllByAltText": [Function],
  "findAllByDisplayValue": [Function],
  "findAllByLabelText": [Function],
  "findAllByPlaceholderText": [Function],
  "findAllByRole": [Function],
  "findAllByTestId": [Function],
  "findAllByText": [Function],
  "findAllByTitle": [Function],
  "findByAltText": [Function],
  "findByDisplayValue": [Function],
  "findByLabelText": [Function],
  "findByPlaceholderText": [Function],
  "findByRole": [Function],
  "findByTestId": [Function],
  "findByText": [Function],
  "findByTitle": [Function],
  "getAllByAltText": [Function],
  "getAllByDisplayValue": [Function],
  "getAllByLabelText": [Function],
  "getAllByPlaceholderText": [Function],
  "getAllByRole": [Function],
  "getAllByTestId": [Function],
  "getAllByText": [Function],
  "getAllByTitle": [Function],
  "getByAltText": [Function],
  "getByDisplayValue": [Function],
  "getByLabelText": [Function],
  "getByPlaceholderText": [Function],
  "getByRole": [Function],
  "getByTestId": [Function],
  "getByText": [Function],
  "getByTitle": [Function],
  "queryAllByAltText": [Function],
  "queryAllByDisplayValue": [Function],
  "queryAllByLabelText": [Function],
  "queryAllByPlaceholderText": [Function],
  "queryAllByRole": [Function],
  "queryAllByTestId": [Function],
  "queryAllByText": [Function],
  "queryAllByTitle": [Function],
  "queryByAltText": [Function],
  "queryByDisplayValue": [Function],
  "queryByLabelText": [Function],
  "queryByPlaceholderText": [Function],
  "queryByRole": [Function],
  "queryByTestId": [Function],
  "queryByText": [Function],
  "queryByTitle": [Function],
  "rerender": [Function],
  "unmount": [Function],
}
`;
